Running Export Engine for Date Range 04/04/2022 - 04/11/2022

Configuration file used:  T:/totalview/config/exports/customer1/agentScheduleDetail_Day/agentScheduleDetail.xml
Date Format : mmddyyyy
Time Format : 24
Report Headers : On

Processing entity list...
 - customer1
    MU:  5100001 - NUEVOS Y TRANSFERIDOS-PER
    MU:  5100002 - LICENCIA-PER
    MU:  5100003 - ADMINISTRATIVO-PER
    MU:  5100004 - LIDERES OPERACIONALES-PER
    MU:  5100005 - CESADOS-PER
    MU:  5100100 - R Y R PATOLOGOS ASOCIADOS - I - P - AUNA - PRUEBAS COVID
    MU:  5100300 - BANCO CENCOSUD - I - H - PREVENCION FRAUDE
    MU:  5100500 - CENCO PE-I-M-MASIVO
    MU:  5100501 - CENCO PE-I-M-MASIVO ESTUDIO*
    MU:  5100520 - CENCO PE - I - H - RETENCIONES
    MU:  5100521 - CENCO PE - I - H - RETENCIONES ESTUDIO*
    MU:  5100700 - CLI. ONCOCENTER - I - Q - PREVENTIVO
    MU:  5100900 - CLI. ONCOCENTER - I - Q+LL - TRATAMIENTO
    MU:  5101100 - CLI. MIRAFLORES - I - LL - AUNA MIRAFLORES
    MU:  5101120 - CLI. BELLAVISTA - I - LL - AUNA BELLAVISTA
    MU:  5101140 - CLI. VALLESUR - I - LL - AUNA VALLE SUR
    MU:  5101160 - GSP TRU - I - LL - AUNA TRUJILLO
    MU:  5101180 - GSP TRU - I - M - CLINICA CHICLAYO
    MU:  5101200 - LAB. CANTELLA - I - LL - AUNA CANTELLA
    MU:  5101300 - CLINICA DELGADO - I - P - AGENDAMIENTO FARMACIA
    MU:  5101500 - MEDIC.SER - I - Q+LL - MS CLINICA DELGADO
    MU:  5101700 - ONCOSALUD - I - Q+LL - INFORMES DIAMANTE
    MU:  5101900 - ONCOSALUD - I - Q+LL - INFORMES ORO
    MU:  5102100 - ONCOSALUD - I - Q+LL - INFORMES PLATA
    MU:  5102300 - ONCOSALUD - I - P - PORTAFOLIO AUNA
    MU:  5102500 - ONCOSALUD - I - P - RETENCION IN
    MU:  5102700 - ENEL - I - M - INBOUND_G1_G3
    MU:  5102900 - NATURA SNAC ARGENTINA
    MU:  5102920 - NAT AR - I - GXM - CAN
    MU:  5103100 - NAT CH - I - M - VOL
    MU:  5103120 - NAT CH - I - M - ATO
    MU:  5103140 - NAT CH - I - M - SNAC
    MU:  5103160 - NAT CH - I - M - CAN
    MU:  5103300 - NAT CO - I - M SNAC
    MU:  5103320 - NAT CO - I - M -CAN
    MU:  5103500 - NAT MX - I - F - SNAC
    MU:  5103520 - NAT MX - I - M - CAN
    MU:  5103720 - NAT PE - I - M - SNAC
    MU:  5103740 - NAT PE - I - M - AFV
    MU:  5103760 - NAT PE - I - M - CAN
    MU:  5103900 - SKY AIRLINE - I - M - INBOUND
    MU:  5104100 - TEF PERU - I - M - FACTURACION FIJA 1
    MU:  5104300 - ONCOSALUD - O - P - ACTUALIZACION BD
    MU:  5104520 - BBVA-I-H-BEC
    MU:  5104540 - BBVA-I-H-BANCA EMPRESAS
    MU:  5104700 - BBVA-I-M-BANCA MASIVO-ATC
    MU:  5104900 - BBVA-I-M-SAC FRON-ATC
    MU:  5105100 - BBVA-I-M-BANCA MASIVA-SOS
    MU:  5105700 - BBVA-I-H-FONDOS MUTUOS-ATC
    MU:  5105800 - BBVA-I-M-VENTAS-AGENTE EXPRESS
    MU:  5106000 - BBVA-I-P-BANCA MASIVO-SOPORTE DIGITAL
    MU:  5106200 - BBVA-I-M-SPECIAL EDITION
    MU:  5106400 - BBVA-O-Q-VENTAS
    MU:  5106600 - BBVA-O-Q-VENTAS-SUBROGRADOS
    MU:  5106800 - BANCO CENCOSUD - O - P - COBRANZAS-PRE MORA
    MU:  5107000 - BANCO CENCOSUD - O - V - SEGUROS OUT
    MU:  5107400 - FLASH MOBILE - I - EF - PERU
    MU:  5107600 - LA POSITIVA - I - M - ATC TRUJILLO
    MU:  5107800 - LA POSITIVA - I - M - SALUD ATC
    MU:  5108000 - LA POSITIVA EPS - I - M - ATC SALUD TRUJILLO
    MU:  5108200 - LA POSITIVA-I-M-ATENCION AL CLIENTE
    MU:  5108220 - LA POSITIVA - I - M - ATC
    MU:  5108400 - LAMSAC - I - M - LAMSAC IN
    MU:  5108600 - OLO - I - H - ADMINISTRATIVO
    MU:  5108620 - OLO - I - H - TECNICO
    MU:  5108800 - OLO - O - H - ATENCION OUT
    MU:  5109000 - STAR GLOBAL-I-P-SOPORTE TECNICO Y COMERCIAL
    MU:  5109200 - TEF CHI-O-Q-TELEVENTA-MIGRACION
    MU:  5109400 - TEF MOV.ARG - O - NF - TLV - MIGRACION - FIDELIZACION
    MU:  5109420 - TEF MOV.ARG - O - NF - TLV - PORTA 1 FACTURA
    MU:  5109440 - TEF MOV.ARG - O - NF - TLV - PORTA 2 FACTURA
    MU:  5109460 - TELF.MOV.ARG - O - NF - TLV - BIENVENIDA PORTA
    MU:  5109480 - TELF.MOV.ARG-O V TF MOV ARG O 1FACTURA MIGRACION
    MU:  5109500 - TELF.MOV.ARG O V TF MOV ARG O 2 FACTURA MIGRACION
    MU:  5109600 - TEF MOV.ARG - BL - H - BLENDING
    MU:  5109800 - TEF MOV.ARG - I - H - PILOTO CONTENCION
    MU:  5110000 - TEF MOV.ARG - I - H - 1L POSVENTA MOVIL
    MU:  5110220 - TEF MOV.ARG - I - H - PRIMERA LINEA-TECNICA
    MU:  5110400 - TEF MOV.ARG - I - H - PRIMERA LINEA-CROSS A HOGAR
    MU:  5110600 - TEF MOV.ARG - I - H - PRIMERA LINEA-CROSSELLING
    MU:  5111000 - TEF MOV.ARG - O - P - FIDELIZACION TEMPRANA
    MU:  5111200 - TEF MOV.ARG - O - Q - TLV - MIGRACION
    MU:  5111400 - TEF MOV.ARG - O - Q - OJT - PORTABILIDAD ARGENTINA
    MU:  5111420 - TEF MOV.ARG - O - Q - TLV - PORTABILIDAD
    MU:  5111800 - TEF MOV.URU - O - Q - TLV - URUGUAY - UPSELLING
    MU:  5112000 - RECONEXION AUTOMATICA
    MU:  5112400 - TEF PERU - I - AVERIAS FIJA VOZ
    MU:  5113200 - TEF PERU - I - M - FACTURACION FIJA 1 - OJT
    MU:  5113400 - TEF PERU - I - H - LARGA DISTANCIA
    MU:  5113600 - TEF PERU - I - Q - MASIVO MOVIL TRUJILLO
    MU:  5113800 - TEF PERU - I - H - MOVISTAR TOTAL PREMIUM
    MU:  5114200 - TEF PERU - I - H - QUECHUA Y AYMARA MÓVIL
    MU:  5114400 - TEF PERU - I - Q - RETENCIONES FIJA
    MU:  5114420 - TEF PERU - O - Q - RETENCIONES FIJA FRIO
    MU:  5114600 - TEF PERU - I - Q - RETENCIONES MOVIL
    MU:  5114820 - TEF PERU - I - M - TECNICA MASIVO 2
    MU:  5114840 - TEF PERU - I - M - TECNICA MASIVO 3
    MU:  5115000 - TEF PERU - I - M - TUPS TECNICA
    MU:  5115200 - TEF PERU - I - M - USUARIOS FIJA
    MU:  5115220 - TEF PERU - I - M - USUARIOS MOVIL
    MU:  5115440 - TEF PERU - RS - H - PLAYAS VENTAS CANALES ESCRITOS
    MU:  5115600 - TEF PERU - O - EF - CAMPAÑA COBRANZAS TDP
    MU:  5115800 - TEF PERU - O - EF - COBRANZAS TDP_REGULAR
    MU:  5116000 - TEF PERU - O - P - FIDELIZACION FIJA
    MU:  5116200 - TEF PERU - O - Q - OJT - PORTABILIDAD PERU
    MU:  5116220 - TEF PERU - O - Q - TLV-PORTABILIDAD
    MU:  5116600 - TEF PERU-I-Q-CAPTACION-FIJA
    MU:  5116800 - TEF PERU-I-Q-VENTAS MOVIL
    MU:  5116820 - TELF.PERU-I-Q-PORTABILIDAD NEGOCIOS IN
    MU:  5117000 - TEF CHI-O-Q-TELEVENTAS-FIJA
    MU:  5117400 - TEF ARG-I-H-TELEVENTAS
    MU:  5117420 - TEF ARG-I-H-PORTABILIDAD
    MU:  5117440 - TEF ARG-I-P-TELEVENTAS-0800 ECOMM
    MU:  5117460 - TEF ARG - I - P - CATER_ROBO
    MU:  5117480 - TELF ARG - I - P - 0800 DIGITAL
    MU:  5117600 - AFPI - I - P - LINEA TRAMITES
    MU:  5117800 - AFP INTEGRA - I - P - ATENCION AL CLIENTE REGULAR
    MU:  5118000 - CENCO CH-I-M-TARJETA CERRADA
    MU:  5118200 - CENCO CH-I-M-SEGUROS
    MU:  5118400 - ENEL - I - V - INBOUND_G2_G4
    MU:  5118600 - ENEL - I - V - INBOUND_G5
    MU:  5118800 - ENEL - I - V - CONTENCION RECLAMOS
    MU:  5119000 - CLARO PERU - O - Q - PORTABILIDAD
    MU:  5119200 - BANCO RIPLEY - I - H - MONITOREO-FRAUDES
    MU:  5119400 - BBVA - I - H - VENTAS-PRESTAMOS LD IN
    MU:  5119600 - FINANCIERA - I - H - COMPARTAMOS IN
    MU:  5119800 - FINANCIERA - I - H - COMPARTAMOS MESA DE AYUDA
    MU:  5120000 - PROFUTURO AFP - I - P+Q - PROFUTURO_INBOUND
    MU:  5120400 - CENCO CH - O - H+V - REPACTACIONES
    MU:  5120600 - CRE.SEGUROS-I-P-CRECER SEGURO
    MU:  5120800 - ENEL - BO - Q - FRONT CORREOS
    MU:  5121000 - ENEL - BO - Q - SERVICIO BO ANALISIS RECLAMOS
    MU:  5121200 - ENEL - RS - Q - FRONT REDES SOCIALES
    MU:  5121400 - ENEL-BO-C-BACK ENEL
    MU:  5121600 - FALABELLA CHI - BO - GXM - CHILE
    MU:  5121620 - FALABELLA CHI - BO - NF - ESPECIALIZADOS
    MU:  5121800 - SAMSUNG - BO - P - GESTION DE TIENDAS
    MU:  5122000 - SAMSUNG - BO - P - E-COMMERCE
    MU:  5122200 - SAMSUNG - BO - P - GESTION BO
    MU:  5122220 - SAMSUNG - BO - P - ATC HAPPY CALL
    MU:  5122240 - SAMSUNG - BO - P - RMA TRACKING
    MU:  5122400 - SAMSUNG - P - GXM - GALAXY CONSULTANT
    MU:  5122600 - SAMSUNG - RS - P - E-PROMOTER SALES
    MU:  5122800 - SEDAPAL-BO-H-ATENCION AL CLIENTE
    MU:  5123000 - SEDAPAL-I-H-ATENCION AL CLIENTE
    MU:  5123200 - SKY AIRLINE - BO - C - CHAT - SKY
    MU:  5123400 - SKY AIRLINE - BO - CT - REDES SOCIALES
    MU:  5123600 - SSE - BO - H - SAMSUNG MEXICO
    MU:  5123800 - ASSIST CARD - I - HL - ASSIST CARD
    MU:  5124000 - BBVA - O - OT - PRESTAMOS - GESTION OUT
    MU:  5124200 - EFE - O - Q - FINANCIERA EFECTIVA
    MU:  5400001 - NUEVOS Y TRANSFERIDOS-ARG
    MU:  5400002 - LICENCIA-ARG
    MU:  5400003 - ADMINISTRATIVO-ARG
    MU:  5400004 - LIDERES OPERACIONALES-ARG
    MU:  5400005 - CESADOS-ARG
    MU:  5400100 - VISA ICBC CROSS
    MU:  5400120 - VISA VENTA TELESALES
    MU:  5400140 - VISA VENTAS ICBC
    MU:  5400160 - VISA VENTAS PATAGONIA
    MU:  5400180 - VISA VENTAS PROVINCIA
    MU:  5400300 - BO LAPOS MOVIL
    MU:  5400330 - BO SOCIOS-CHA
    MU:  5400360 - VISA BOP JEF 1
    MU:  5400390 - VISA MONITOR COMERCIOS JEF 1
    MU:  5400420 - VISA RELLAMADORES JEF 1
    MU:  5400450 - BO COMERCIOS - CHA
    MU:  5400480 - VISA WEBCENTER JEF 1
    MU:  5400500 - TASA 1L CONVERGENTE COM-BDS
    MU:  5400501 - TASA 1L CONVERGENTE COM-CBC
    MU:  5400502 - TASA 1L CONVERGENTE COM-CHA
    MU:  5400503 - TASA 1L CONVERGENTE COM-EDE
    MU:  5400504 - TASA 1L CONVERGENTE COM-MDP
    MU:  5400505 - TASA 1L CONVERGENTE COM-MTZ
    MU:  5400506 - TASA 1L CONVERGENTE COM-RSP
    MU:  5400507 - TASA 1L CONVERGENTE COM-SFC
    MU:  5400508 - TASA 1L CONVERGENTE COM-SFS
    MU:  5400510 - VISA AUTORIZACIONES
    MU:  5400530 - TASA 1L CONVERGENTE CROSSELLING-CBC
    MU:  5400531 - TASA 1L CONVERGENTE CROSSELLING-CHA
    MU:  5400532 - TASA 1L CONVERGENTE CROSSELLING-EDE
    MU:  5400533 - TASA 1L CONVERGENTE CROSSELLING-SFS
    MU:  5400540 - VISA LAPOS COMERCIOS
    MU:  5400541 - TASA 1L CONVERGENTE PAGOS-CBC
    MU:  5400542 - TASA 1L CONVERGENTE PAGOS-CHA
    MU:  5400543 - TASA 1L CONVERGENTE PAGOS-EDE
    MU:  5400544 - TASA 1L CONVERGENTE PAGOS-MDP
    MU:  5400545 - TASA 1L CONVERGENTE PAGOS-RSP
    MU:  5400546 - TASA 1L CONVERGENTE PAGOS-SFC
    MU:  5400547 - TASA 1L CONVERGENTE PAGOS-SFS
    MU:  5400560 - TASA 1L CONVERGENTE PAGOS-BDS
    MU:  5400561 - TASA 1L CONVERGENTE PAGOS-MTZ
    MU:  5400570 - VISA COMERCIOS VIP
    MU:  5400590 - TASA CONTROL DE CARGA FIJA
    MU:  5400600 - VISA CSV2-CHA
    MU:  5400630 - VISA CSV3-CHA
    MU:  5400660 - VISA DENUNCIAS-CHA
    MU:  5400690 - VISA DENUNCIAS TOKEN
    MU:  5400700 - TASA 1L CONV RELLAMADORES DUAL-EDE
    MU:  5400701 - TASA 1L CONV RELLAMADORES DUAL-CHA
    MU:  5400720 - VISA HABILITACIONES
    MU:  5400730 - TASA 1L CONVERGENTE TECNICA-EDE
    MU:  5400731 - TASA 1L CONVERGENTE TECNICA-CHA
    MU:  5400732 - TASA 1L CONVERGENTE TECNICA-SFS
    MU:  5400733 - TASA 1L CONVERGENTE TECNICA-MTZ
    MU:  5400734 - TASA 1L CONVERGENTE TECNICA-CBC
    MU:  5400735 - TASA 1L CONVERGENTE TECNICA-RSP
    MU:  5400750 - VISA HELP DESK-CHA
    MU:  5400780 - VISA NOCTURNIDAD
    MU:  5400810 - VISA BSR - REF SANTANDER
    MU:  5400840 - VISA UPSCALE-CHA
    MU:  5400870 - VISA VIP-CHA
    MU:  5400900 - VISA TODO PAGO
    MU:  5400930 - VISA COMPRAS REFERIDAS
    MU:  5400960 - VISA DENUNCIAS-SLT
    MU:  5400990 - VISA VIP-MTZ
    MU:  5401020 - VISA CSV2-MTZ
    MU:  5401050 - VISA CSV3-MTZ
    MU:  5401080 - VISA HELP DESK-MTZ
    MU:  5401110 - VISA UPSCALE-MTZ
    MU:  5401140 - VISA ARRA
    MU:  5401170 - AGRO IN-CHA
    MU:  5401200 - AGRO OUT-CHA
    MU:  5401230 - VISA ARRA-CHA
    MU:  5401260 - CHAT PHE-CHA
    MU:  5401290 - DECIDIR +-CHA
    MU:  5401320 - E-TICKET COMERCIOS VIP-CHA
    MU:  5401350 - E-TICKET SOCIOS-CHA
    MU:  5401380 - E-TICKET VIAJEROS-CHA
    MU:  5401410 - CLAVES-CHA
    MU:  5401440 - CONSULTAS-CHA
    MU:  5401470 - FINANCIACION-CHA
    MU:  5401500 - CLAVES-MTZ
    MU:  5401530 - E-TICKET COMERCIOS-CHA
    MU:  5401560 - DECIDIR 2.0-CHA
    MU:  5401590 - SCOTTIABANK
    MU:  5401620 - COMERCIOS MACRO
    MU:  5402900 - TASA 1L CONVERGENTE POSVENTA
    MU:  5403100 - TASA 1L CONVERGENTE BLENDING-BDS
    MU:  5403101 - TASA 1L CONVERGENTE BLENDING-CBC
    MU:  5403102 - TASA 1L CONVERGENTE BLENDING-CHA
    MU:  5403103 - TASA 1L CONVERGENTE BLENDING-EDE
    MU:  5403104 - TASA 1L CONVERGENTE BLENDING-MDP
    MU:  5403105 - TASA 1L CONVERGENTE BLENDING-MTZ
    MU:  5403106 - TASA 1L CONVERGENTE BLENDING-RSP
    MU:  5403107 - TASA 1L CONVERGENTE BLENDING-SFS
    MU:  5403300 - TASA 1L TLV 0800 ECOMMERCE FIJA
    MU:  5403500 - TASA 2L CONVERGENTE RETENCION-CHA
    MU:  5403501 - TASA 2L CONVERGENTE RETENCION-EDE
    MU:  5403502 - TASA 2L CONVERGENTE RETENCION-MDP
    MU:  5403700 - TASA DR INTERNET OUT
    MU:  5403900 - TASA BO GESTION NEGOCIOS
    MU:  5404100 - TASA CAMBIO DE PLAN TENTADOS-CHA
    MU:  5404101 - TASA CAMBIO DE PLAN TENTADOS-EDE
    MU:  5404102 - TASA CAMBIO DE PLAN TENTADOS-MDP
    MU:  5404103 - TASA CAMBIO DE PLAN TENTADOS-SFC
    MU:  5404104 - TASA CAMBIO DE PLAN TENTADOS-SFS
    MU:  5404300 - TASA LABORATORIO
    MU:  5404500 - TASA MESA SOPORTE T3
    MU:  5404700 - TASA MIGRACION FWT
    MU:  5404900 - TASA NEG CANAL ON LINE
    MU:  5405100 - TASA NEG PERSONALIZACION EMPRENDEDORES
    MU:  5405300 - TASA NEG PERSONALIZACION PREMIUM
    MU:  5405320 - TASA SOPORTE NEGOCIOS FM
    MU:  5405500 - TASA NEG GESTIONES ELECTRONICAS FM
    MU:  5405700 - TASA DESPACHO INSTALACIONES
    MU:  5405720 - TASA FACILITADORES PROVISION
    MU:  5405900 - TASA NEG RECLAMOS PORTABILIDAD IN
    MU:  5406100 - TASA NEG RETENCION FIJA
    MU:  5406300 - TASA NEGOCIOS VOL
    MU:  5406500 - TASA NEG POOL TECNICA FIJA
    MU:  5406700 - TASA RETENCION EN FRIO
    MU:  5406900 - TASA RETENCION FRIO SPEEDY
    MU:  5407100 - TASA SPEEDY VERIFICACION ALTAS SP
    MU:  5407300 - TASA TELEVENTA PROFESIONALES IN
    MU:  5407500 - TASA UPGRADES FTTH
    MU:  5407700 - TELECENTRO COMERCIAL
    MU:  5407701 - TELECENTRO COMERCIAL-EDE
    MU:  5407900 - TELECENTRO RETENCION-CBC
    MU:  5407901 - TELECENTRO RETENCION-EDE
    MU:  5408100 - TELECENTRO TECNICO-EDE
    MU:  5408101 - TELECENTRO TECNICO-CBC
    MU:  5408300 - URUGUAY TMU ATENCION INTEGRAL
    MU:  5408500 - TASA 1L CONV PRIORITY DUAL-CHA
    MU:  5408501 - TASA 1L CONV PRIORITY DUAL-EDE
    MU:  5408502 - TASA 1L CONV PRIORITY DUAL-SFS
    MU:  5408503 - TASA 1L CONV PRIORITY DUAL-CBC
    MU:  5408700 - BBVA URU ATENCION
    MU:  5408900 - BBVA 1LCBN
    MU:  5600001 - NUEVOS Y TRANSFERIDOS-CHI
    MU:  5600002 - LICENCIA-CHI
    MU:  5600003 - ADMINISTRATIVO-CHI
    MU:  5600004 - LIDERES OPERACIONALES-CHI
    MU:  5600005 - CESADOS-CHI
    MU:  5600100 - ATENCION EMPRESAS CARTERIZADO MOVIL
    MU:  5600300 - ATENCION GRANDES EMPRESAS CARTERIZADO MOVIL
    MU:  5600500 - CROSS SELLING CARTERIZADO MOVIL
    MU:  5600700 - SERVICIO ATENCION PREFERENTE
    MU:  5600900 - REGRABADORES
    MU:  5601100 - VENTAS EXPERTO INBOUND CENCO
    MU:  5601300 - VENTAS VEB SCOTIABANK
    MU:  5601500 - SAC INBOUND LOCALES
    MU:  5601700 - SERVICIO JUMBO.CL
    MU:  5601900 - OUTBOUND VENTAS CENCOSUD
    MU:  5602100 - PLAN DE CUOTAS CENCO
    MU:  5602300 - TARJETA ABIERTA CENCO
    MU:  5602500 - ATENCION GASCO RECLAMOS  CONSULTA
    MU:  5602700 - ATENCION GASCO ENVASADO
    MU:  5602740 - ATENCION GASCO GRANEL
    MU:  5602900 - CAMPANA CREDITOS LA ARAUCANA
    MU:  5602920 - ATENCION LA ARAUCANA  LICENCIAS IN
    MU:  5602940 - COBRANZA LA ARAUCANA
    MU:  5603100 - ATENCION MUNDO VALPARAISO
    MU:  5603300 - SERVIPAG
    MU:  5603500 - SERVICIO INHOUSE
    MU:  5603720 - SMU CORP INBOUND
    MU:  5604100 - BCI SCOTIABANK
    MU:  5604300 - SERVICIO SOPORTE BCI
    MU:  5604500 - SERVICIO ALO SEGUROS BCI
    MU:  5604700 - SERVICIO ATENCIÓN MACH
    MU:  5604900 - SERVICIO INBOUND BCI DIURNO
    MU:  5605100 - SERVICIO CONSUMO
    MU:  5605120 - VENTAS OUTBOUND PLANES BCI BANCA
    MU:  5605500 - SERVICIO BCI SEGUROS
    MU:  5605520 - SERVICIO BCI SEGUROS ZENIT
    MU:  5606120 - BO CARTERIZADO FIJA
    MU:  5606300 - ELECTROLUX
    MU:  5606500 - CONTACT CENTER ESSBIO
    MU:  5606520 - SERVICIO DE CIERRE DE ORDENES ESSBIO
    MU:  5606540 - DESPACHO ESSBIO
    MU:  5606700 - AGENDADORES
    MU:  5606900 - TELEVENTAS GTD MANQUEHUE
    MU:  5607100 - 104 TECNICO N2
    MU:  5607300 - TELEVENTAS GTD VALDIVIA
    MU:  5607500 - SERVICIO NISSAN
    MU:  5607700 - NO CARTERIZADO US
    MU:  5607720 - TRIADAS
    MU:  5607900 - PLATAFORMA TECNICA EMPRESAS
    MU:  5608500 - COCA-COLA
    MU:  5700001 - NUEVOS Y TRANSFERIDOS-COL
    MU:  5700002 - LICENCIA-COL
    MU:  5700003 - ADMINISTRATIVO-COL
    MU:  5700004 - LIDERES OPERACIONALES-COL
    MU:  5700005 - CESADOS-COL
    MU:  5700100 - AT_MOVISTAR_I_TEF_NEGOCIOS_PREF_CUADRILLA
    MU:  5700101 - AT_MOVISTAR_I_TEF_NEGOCIOS_PREF_CUADRILLA ESTUDIO*
    MU:  5700300 - AT_MOVISTAR_I_TEF_OPERADORAS
    MU:  5700301 - AT_MOVISTAR_I_TEF_OPERADORAS ESTUDIO*
    MU:  5700500 - AT_IFOOD
    MU:  5700700 - AT_FALABELLA-BO_VENTAS
    MU:  5700900 - AT_FALABELLA-RETAIL-CHAT
    MU:  5700920 - AT_FALABELLA-RETAIL-IN
    MU:  5701100 - JET SMART-BO-SOPORTE
    MU:  5701120 - JET SMART-BL-SAC
    MU:  5701121 - JET SMART-BL-SAC ESTUDIO*
    MU:  5701300 - AT_ACN_FLASH_MEX_CHAT
    MU:  5701320 - AT_ACN_FLASH_MEX_INBOUND
    MU:  5701340 - AT_FLASH_REDES_SOCIALES
    MU:  5701360 - AT_FLASH_OUTBOUND
    MU:  5701380 - AT_ACN_FLASH_COL_BO
    MU:  5701400 - AT_ACN_FLASH_COL_CHAT
    MU:  5701420 - AT_ACN_FLASH_COL_INBOUND
    MU:  5701440 - AT_ACN_FLASH_MEX_BO
    MU:  5701500 - AT_WOM_ATENCION FRONT
    MU:  5701501 - AT_WOM_ATENCION FRONT ESTUDIO*
    MU:  5701700 - AT_WOM_REDES_SOCIALES
    MU:  5701701 - AT_WOM_REDES_SOCIALES ESTUDIO*
    MU:  5701900 - AT_ WOM- I/O-VENTAS
    MU:  5702100 - AT_COLPATRIA_PADRE-GUA
    MU:  5702101 - AT_COLPATRIA_PADRE-ROY
    MU:  5702102 - AT_COLPATRIA_PADRE-TLS
    MU:  5702120 - AT_COLPATRIA_TMK-GUA
    MU:  5702121 - AT_COLPATRIA_TMK-ROY
    MU:  5702122 - AT_COLPATRIA_TMK-TLS
    MU:  5702140 - AT_COLPATRIA_GENERICO-GUA
    MU:  5702141 - AT_COLPATRIA_GENERICO-ROY
    MU:  5702142 - AT_COLPATRIA_GENERICO-TLS
    MU:  5702143 - AT_COLPATRIA_GENERICO ESTUDIO*
    MU:  5702160 - AT_COLPATRIA_BO-GUA
    MU:  5702161 - AT_COLPATRIA_BO-ROY
    MU:  5702162 - AT_COLPATRIA_BO-TLS
    MU:  5702180 - AT_COLPATRIA_BANCA_EMP-GUA
    MU:  5702181 - AT_COLPATRIA_BANCA_EMP-ROY
    MU:  5702182 - AT_COLPATRIA_BANCA_EMP-TLS
    MU:  5702183 - AT_COLPATRIA_BANCA_EMP ESTUDIO*
    MU:  5702200 - AT_COLPATRIA_GENERICO_RETE-GUA
    MU:  5702201 - AT_COLPATRIA_GENERICO_RETE-ROY
    MU:  5702202 - AT_COLPATRIA_GENERICO_RETE-TLS
    MU:  5702203 - AT_COLPATRIA_GENERICO_RETE ESTUDIO*
    MU:  5702220 - AT_COLPATRIA_LINEAS ESPECIALES-GUA
    MU:  5702221 - AT_COLPATRIA_LINEAS ESPECIALES-ROY
    MU:  5702222 - AT_COLPATRIA_LINEAS ESPECIALES-TLS
    MU:  5702223 - AT_COLPATRIA_LINEAS ESPECIALES ESTUDIO*
    MU:  5702240 - AT_COLPATRIA_CLIENTE-GUA
    MU:  5702241 - AT_COLPATRIA_CLIENTE-ROY
    MU:  5702242 - AT_COLPATRIA_CLIENTE-TLS
    MU:  5702260 - COLPATRIA-I-ONE BANK
    MU:  5702280 - AT_COLPATRIA_GENERICO_VIP
    MU:  5702281 - AT_COLPATRIA_GENERICO_VIP ESTUDIO*
    MU:  5702300 - AT_VEOLIA_COLOMBIA
    MU:  5702301 - AT_VEOLIA_COLOMBIA ESTUDIO*
    MU:  5702500 - MCDONALDS
    MU:  5702700 - AT_AVAL_SOLUCIONES_DIGITALES_S.A
    MU:  5702900 - AT_DAVIVIENDA-CHAT-SAC_MULTISKILL
    MU:  5702920 - AT_DAVIVIENDA_INBOUND
    MU:  5702940 - AT_DAVIVIENDA-CHAT-SAC_EMPRESAS
    MU:  5702960 - DAVIVIENDA-CHAT-SAC
    MU:  5703100 - AT_REPUBLICA DOMINICANA_PRAXAIR-I-SAC
    MU:  5703120 - AT_OXIGENOS_ECUADOR_PRAXAIR_IN_SAC
    MU:  5703140 - AT_OXIGENOS_COLOMBIA_PRAXAIR_IN_SAC
    MU:  5703160 - AT_OXIGENOS_COLOMBIA_PRAXAIR_OUT_SAC
    MU:  5703180 - AT_OXIGENOS_ECUADOR_PRAXAIR_OUT_SAC
    MU:  5703300 - COLFONDOS-O-SAC
    MU:  5703320 - AT_COLFONDOS_AFILIADOS_BLENDING
    MU:  5703321 - AT_COLFONDOS_DOBLE_ASESORIA
    MU:  5703322 - COLFONDOS
    MU:  5703323 - AT_COLFONDOS_SOPORTE TEMPORADA
    MU:  5703324 - AT_COLFONDOS_AFILIADOS
    MU:  5703325 - AT_COLFONDOS_CLIENTE
    MU:  5703326 - AT_COLFONDOS_ESPECIALIZADA
    MU:  5703500 - AT_FOPEP_SAC
    MU:  5703700 - AT_CREDIBANCO
    MU:  5703900 - AT-DIDI-I-DRIVER-RESTO MUNDO
    MU:  5703920 - AT_DIDI-BO-RESTO DEL MUNDO
    MU:  5703940 - AT_DIDI-C-RESTO DEL MUNDO
    MU:  5703960 - AT_DIDI-O-RESTO DEL MUNDO
    MU:  5703980 - AT-DIDI-I-PASSENGER-RESTO MUNDO
    MU:  5704000 - AT-DIDI-I-SAFETY-RESTO MUNDO
    MU:  5704100 - AT_DIDI-I-DRIVER-COL
    MU:  5704120 - AT_DIDI-BO-EXPRESS-COL
    MU:  5704140 - AT_DIDI-I-PASSENGER-COL
    MU:  5704160 - AT_DIDI-O-COL
    MU:  5704180 - AT_DIDI-BO-TAXI-COL
    MU:  5704200 - AT_DIDI SUDAMERICA
    MU:  5704220 - AT_DIDI-I-SAFETY-COL
    MU:  5704240 - AT_DIDI-C-RS-COL
    MU:  5704300 - ENERGIZER
    MU:  5704500 - DATACREDITO-BO-SAC
    MU:  5704520 - DATACREDITO-I-SAC
    MU:  5704700 - FORD MOTOR COLOMBIA-BL-SAC
    MU:  5704900 - NESTLE-I-SAC
    MU:  5705100 - AT_PURINA_NESTLE
    MU:  5705300 - AT_SANTANDER_CONSUMER_INBOUND
    MU:  5705500 - AT_BANCO_SANTANDER_OUTBOUND
    MU:  5705700 - MOVISTAR-O-VENTAS-TELEFONICA ARGENTINA
    MU:  5705900 - AT_RETENCION_CONTENCION_TELF_CHILE
    MU:  5705901 - AT_RETENCION_CONTENCION_TELF_CHILE ESTUDIO*
    MU:  5706100 - AT_TELEFONICA_CHILE
    MU:  5706101 - AT_TELEFONICA_CHILE ESTUDIO*
    MU:  5706120 - AT_TELEFONICA_CHILE_I_ALTO_VALOR_INTEGRADO_SAC
    MU:  5706121 - AT_TELEFONICA_CHILE_I_ALTO_VALOR_INTEGRADO_SAC ESTUDIO*
    MU:  5706140 - AT_TELEFONICA_CHILE_I_N2_SAC
    MU:  5706141 - AT_TELEFONICA_CHILE_I_N2_SAC ESTUDIO*
    MU:  5706160 - AT_TELEVENTAS_FIDELIZACION_TELF_M_CH
    MU:  5706180 - AT_TELEVENTAS_FIDELIZACION_TELF_M_CHILE_VENTAS
    MU:  5706200 - AT_TELEVENTAS_TEL_ MOVILES_CHILE
    MU:  5706201 - AT_TELEVENTAS_TEL_ MOVILES_CHILE ESTUDIO*
    MU:  5706220 - AT_TELEVENTAS_WEB_TELF_MOVILES_CHILE
    MU:  5706240 - MOVISTAR-I-FILIALES RETENCION
    MU:  5706241 - MOVISTAR-I-FILIALES RETENCION ESTUDIOS*
    MU:  5706260 - MOVISTAR-I-SAC FIDELIZACION
    MU:  5706261 - MOVISTAR-I-SAC FIDELIZACION ESTUDIO*
    MU:  5706280 - MOVISTAR-O-SAC FIDELIZACION
    MU:  5706290 - MOVISTAR-I-SAC FIDELIZACION_RETENCION MASIVO
    MU:  5706300 - AT_TELEFONICA_CHILE_FIJA
    MU:  5706301 - AT_TELEFONICA_CHILE_FIJA ESTUDIO*
    MU:  5706310 - MOVISTAR-I-SAC FIDELIZACION_RETENCION FIJA PYMES
    MU:  5706320 - AT_TELEFONICA_CHILE_I_MASIVO_INTEGRADO_SAC
    MU:  5706321 - AT_TELEFONICA_CHILE_I_MASIVO_INTEGRADO_SAC ESTUDIO*
    MU:  5706330 - MOVISTAR-I-SAC FIDELIZACION_RETENCION MOVIL PYMES
    MU:  5706340 - AT_TELEFONICA_CHILE_I_TRP_SAC
    MU:  5706341 - AT_TELEFONICA_CHILE_I_TRP_SAC ESTUDIO*
    MU:  5706350 - MOVISTAR-I-SAC FIDELIZACION_RETENCION FIJA SOHO
    MU:  5706370 - MOVISTAR-I-SAC FIDELIZACION_RETENCION MOVIL SOHO
    MU:  5706390 - MOVISTAR-I-SAC FIDELIZACION_RETENCION FILIALES
    MU:  5706500 - AT_TELEVENTAS_TELF_CHILE
    MU:  5706700 - AT_TELEFONICA_CHILE_CROSS
    MU:  5706701 - AT_TELEFONICA_CHILE_CROSS ESTUDIO*
    MU:  5706900 - AT_WOM_BACKOFFICE
    MU:  5707300 - AT_MOVISTAR_ I_TEF_EMPRESAS_CORPORACIONES_FIJAS_COLA GENERAL
    MU:  5707301 - AT_MOVISTAR_ I_TEF_EMPRESAS_CORP_FIJAS_COLA GENERAL ESTUDIO*
    MU:  5707320 - AT_MOVISTAR_ I_TEF_EMPRESAS_CORPORACIONES_FIJAS_CUADRILLAS
    MU:  5707321 - AT_MOVISTAR_ I_TEF_EMPRESAS_CORP_FIJAS_CUADRILLAS ESTUDIO*
    MU:  5707340 - AT_MOVISTAR_ I_TEF_EMPRESAS_CORPORACIONES_FIJAS_EMPRESAS_CUADRIL
    MU:  5707341 - AT_MOVISTAR_ I_TEF_EMPRESAS_CORP_FIJAS_EMP_CUADRILLAS ESTUDIO*
    MU:  5707500 - AT_MOVISTAR_I_TEF_NEGOCIOS_PYMES_#600_HOLDING
    MU:  5707501 - AT_MOVISTAR_I_TEF_NEGOCIOS_PYMES_#600_HOLDING ESTUDIO*
    MU:  5707520 - AT_MOVISTAR_I_TEF_NEGOCIOS_PYMES_#600_PREFERENTE
    MU:  5707521 - AT_MOVISTAR_I_TEF_NEGOCIOS_PYMES_#600_PREFERENTE ESTUDIO*
    MU:  5707540 - AT_MOVISTAR_P_TEF_NEGOCIOS_PYMES_#600_BASES_PROACTIVAS
    MU:  5707700 - MOVISTAR-I-TELEVENTAS - VENTAS CONVERGENTE
    MU:  5707701 - MOVISTAR-I-TELEVENTAS - VENTAS CONVERGENTE ESTUDIO*
    MU:  5707900 - MOVISTAR-O-CANAL DIGITAL BOGOTA - RENO REPO
    MU:  5707901 - MOVISTAR-O-CANAL DIGITAL BOGOTA - RENO REPO ESTUDIO*
    MU:  5707920 - MOVISTAR-O-CANAL DIGITAL BOGOTA - C2C FIJA
    MU:  5707921 - MOVISTAR-O-CANAL DIGITAL BOGOTA - C2C FIJA ESTUDIO*
    MU:  5707940 - MOVISTAR-O-CANAL DIGITAL BOGOTA - C2C MOVIL
    MU:  5707941 - MOVISTAR-O-CANAL DIGITAL BOGOTA - C2C MOVIL ESTUDIO*
    MU:  5707960 - MOVISTAR-O-CANAL DIGITAL BOGOTA - VENTAS CLIENTE NUEVO DIGITAL
    MU:  5707961 - MOVISTAR-O-CANAL DIGITAL BOGOTA - VTAS CLIE NUEVO DIG ESTUDIO*
    MU:  5707980 - MOVISTAR-O-CANAL DIGITAL BOGOTA - VENTAS PLUS
    MU:  5707981 - MOVISTAR-O-CANAL DIGITAL BOGOTA - VENTAS PLUS ESTUDIO*
    MU:  5708000 - MOVISTAR-O-CANAL DIGITAL BOGOTA - RESIDENCIAL FIJA 911
    MU:  5708001 - MOVISTAR-O-CANAL DIGITAL BOGOTA - RESIDENCIAL FIJA 911 ESTUDIO*
    MU:  5708100 - PROPUESTAS COMERCIALES 1 ESTUDIO*
    MU:  5708101 - PROPUESTAS COMERCIALES 2 ESTUDIO*
    MU:  5708102 - PROPUESTAS COMERCIALES 3 ESTUDIO*
    MU:  5708300 - AT_BCI_SAC
    MU:  5708301 - AT_BCI_SAC ESTUDIO*
    MU:  5708500 - AT_PNC-I- CUSTOMER SERVICE -SAC
    MU:  5708501 - AT_PNC-I- CUSTOMER SERVICE -SAC ESTUDIO*
    MU:  5708700 - TELECOM SOPORTE TECNICO_NEGOCIOS
    MU:  5708701 - TELECOM SOPORTE TECNICO_NEGOCIOS ESTUDIO*
    MU:  5708720 - TELECOM SOPORTE TECNICO_COLA GENERAL
    MU:  5708721 - TELECOM SOPORTE TECNICO_COLA GENERAL ESTUDIO*
    MU:  5708740 - TELECOM SOPORTE TECNICO_INFORMATIVO
    MU:  5708741 - TELECOM SOPORTE TECNICO_INFORMATIVO ESTUDIO*
    MU:  5708760 - TELECOM SOPORTE TECNICO_FILIALES
    MU:  5708761 - TELECOM SOPORTE TECNICO_FILIALES ESTUDIO*
    MU:  5708900 - MOVISTAR-O-TELEVENTAS MASIVO
    MU:  5709100 - AT_MOVISTAR_I_BKO_TELECOM_SEG_NEGOCIOS_CARTERIZADO_CONVERGENTE
    MU:  5709120 - AT_MOVISTAR_I_BKO_TELECOM_SEG_NEGOCIOS_CUADRILLAS_CARTERIZADAS
    MU:  5709140 - AT_MOVISTAR_P_BACKOFFICE_TELECOM_SEGMENTO_NEGOCIOS_CLUSTER4
    MU:  5709160 - AT_MOVISTAR_I_BKO_TELECOM_SEG_NEGOCIOS_VERTICALES_MOVIL
    MU:  5709300 - AT_CABLETICA_INBOUND FIJA
    MU:  5709301 - AT_CABLETICA_INBOUND FIJA ESTUDIO*
    MU:  5709320 - AT_CABLETICA_BO
    MU:  54000000 - ESTUDIOS ARGENTINA
    MU:  999999999 - Agentes a apagar

Running application:  agentScheduleDetail
  Input File Name:  /totalview/config/exports/customer1/agentScheduleDetail_Day/adv_agentScheduleDetail.xml
  Output File Name:  /totalview/ftp/exports/customer1/agentScheduleDetail_Day/agentScheduleDetail_04042022.txt
  Attribute:  Variance-OPA
Cutoff exceptions at Midnight? No
Starting Agent Schedule Detail export...
agentScheduleDetail successfully completed.
